// Jest Snapshot v1, https://goo.gl/fbAQLP

exports[`Testing <App/> testing shap & state App have rendered correctly 1`] = `
ShallowWrapper {
  Symbol(enzyme.__root__): [Circular],
  Symbol(enzyme.__unrendered__): <App />,
  Symbol(enzyme.__renderer__): Object {
    "batchedUpdates": [Function],
    "checkPropTypes": [Function],
    "getNode": [Function],
    "render": [Function],
    "simulateError": [Function],
    "simulateEvent": [Function],
    "unmount": [Function],
  },
  Symbol(enzyme.__node__): Object {
    "instance": null,
    "key": undefined,
    "nodeType": "class",
    "props": Object {
      "children": <div
        className="app"
      >
        <Container
          tag="div"
        >
          <Header
            onToggleVisible={[Function]}
            visibleButtonText="on"
          />
        </Container>
        <Container
          tag="div"
        >
          <Row
            tag="div"
          >
            <Col
              lg={
                Object {
                  "offset": 0,
                  "size": 5,
                }
              }
              tag="div"
              widths={
                Array [
                  "xs",
                  "sm",
                  "md",
                  "lg",
                  "xl",
                ]
              }
            />
          </Row>
          <Switch>
            <Route
              component={[Function]}
              exact={true}
              path="/"
            />
            <Route
              component={[Function]}
              path="/characters"
            />
            <Route
              component={[Function]}
              path="/houses"
            />
            <Route
              component={[Function]}
              exact={true}
              path="/books"
            />
            <Route
              path="/books/:id"
              render={[Function]}
            />
            <Route
              render={[Function]}
            />
          </Switch>
        </Container>
      </div>,
    },
    "ref": null,
    "rendered": Object {
      "instance": null,
      "key": undefined,
      "nodeType": "host",
      "props": Object {
        "children": Array [
          <Container
            tag="div"
          >
            <Header
              onToggleVisible={[Function]}
              visibleButtonText="on"
            />
          </Container>,
          <Container
            tag="div"
          >
            <Row
              tag="div"
            >
              <Col
                lg={
                  Object {
                    "offset": 0,
                    "size": 5,
                  }
                }
                tag="div"
                widths={
                  Array [
                    "xs",
                    "sm",
                    "md",
                    "lg",
                    "xl",
                  ]
                }
              />
            </Row>
            <Switch>
              <Route
                component={[Function]}
                exact={true}
                path="/"
              />
              <Route
                component={[Function]}
                path="/characters"
              />
              <Route
                component={[Function]}
                path="/houses"
              />
              <Route
                component={[Function]}
                exact={true}
                path="/books"
              />
              <Route
                path="/books/:id"
                render={[Function]}
              />
              <Route
                render={[Function]}
              />
            </Switch>
          </Container>,
        ],
        "className": "app",
      },
      "ref": null,
      "rendered": Array [
        Object {
          "instance": null,
          "key": undefined,
          "nodeType": "function",
          "props": Object {
            "children": <Header
              onToggleVisible={[Function]}
              visibleButtonText="on"
            />,
            "tag": "div",
          },
          "ref": null,
          "rendered": Object {
            "instance": null,
            "key": undefined,
            "nodeType": "function",
            "props": Object {
              "onToggleVisible": [Function],
              "visibleButtonText": "on",
            },
            "ref": null,
            "rendered": null,
            "type": [Function],
          },
          "type": [Function],
        },
        Object {
          "instance": null,
          "key": undefined,
          "nodeType": "function",
          "props": Object {
            "children": Array [
              <Row
                tag="div"
              >
                <Col
                  lg={
                    Object {
                      "offset": 0,
                      "size": 5,
                    }
                  }
                  tag="div"
                  widths={
                    Array [
                      "xs",
                      "sm",
                      "md",
                      "lg",
                      "xl",
                    ]
                  }
                />
              </Row>,
              <Switch>
                <Route
                  component={[Function]}
                  exact={true}
                  path="/"
                />
                <Route
                  component={[Function]}
                  path="/characters"
                />
                <Route
                  component={[Function]}
                  path="/houses"
                />
                <Route
                  component={[Function]}
                  exact={true}
                  path="/books"
                />
                <Route
                  path="/books/:id"
                  render={[Function]}
                />
                <Route
                  render={[Function]}
                />
              </Switch>,
            ],
            "tag": "div",
          },
          "ref": null,
          "rendered": Array [
            Object {
              "instance": null,
              "key": undefined,
              "nodeType": "function",
              "props": Object {
                "children": <Col
                  lg={
                    Object {
                      "offset": 0,
                      "size": 5,
                    }
                  }
                  tag="div"
                  widths={
                    Array [
                      "xs",
                      "sm",
                      "md",
                      "lg",
                      "xl",
                    ]
                  }
                />,
                "tag": "div",
              },
              "ref": null,
              "rendered": Object {
                "instance": null,
                "key": undefined,
                "nodeType": "function",
                "props": Object {
                  "children": null,
                  "lg": Object {
                    "offset": 0,
                    "size": 5,
                  },
                  "tag": "div",
                  "widths": Array [
                    "xs",
                    "sm",
                    "md",
                    "lg",
                    "xl",
                  ],
                },
                "ref": null,
                "rendered": null,
                "type": [Function],
              },
              "type": [Function],
            },
            Object {
              "instance": null,
              "key": undefined,
              "nodeType": "class",
              "props": Object {
                "children": Array [
                  <Route
                    component={[Function]}
                    exact={true}
                    path="/"
                  />,
                  <Route
                    component={[Function]}
                    path="/characters"
                  />,
                  <Route
                    component={[Function]}
                    path="/houses"
                  />,
                  <Route
                    component={[Function]}
                    exact={true}
                    path="/books"
                  />,
                  <Route
                    path="/books/:id"
                    render={[Function]}
                  />,
                  <Route
                    render={[Function]}
                  />,
                ],
              },
              "ref": null,
              "rendered": Array [
                Object {
                  "instance": null,
                  "key": undefined,
                  "nodeType": "class",
                  "props": Object {
                    "component": [Function],
                    "exact": true,
                    "path": "/",
                  },
                  "ref": null,
                  "rendered": null,
                  "type": [Function],
                },
                Object {
                  "instance": null,
                  "key": undefined,
                  "nodeType": "class",
                  "props": Object {
                    "component": [Function],
                    "path": "/characters",
                  },
                  "ref": null,
                  "rendered": null,
                  "type": [Function],
                },
                Object {
                  "instance": null,
                  "key": undefined,
                  "nodeType": "class",
                  "props": Object {
                    "component": [Function],
                    "path": "/houses",
                  },
                  "ref": null,
                  "rendered": null,
                  "type": [Function],
                },
                Object {
                  "instance": null,
                  "key": undefined,
                  "nodeType": "class",
                  "props": Object {
                    "component": [Function],
                    "exact": true,
                    "path": "/books",
                  },
                  "ref": null,
                  "rendered": null,
                  "type": [Function],
                },
                Object {
                  "instance": null,
                  "key": undefined,
                  "nodeType": "class",
                  "props": Object {
                    "path": "/books/:id",
                    "render": [Function],
                  },
                  "ref": null,
                  "rendered": null,
                  "type": [Function],
                },
                Object {
                  "instance": null,
                  "key": undefined,
                  "nodeType": "class",
                  "props": Object {
                    "render": [Function],
                  },
                  "ref": null,
                  "rendered": null,
                  "type": [Function],
                },
              ],
              "type": [Function],
            },
          ],
          "type": [Function],
        },
      ],
      "type": "div",
    },
    "type": [Function],
  },
  Symbol(enzyme.__nodes__): Array [
    Object {
      "instance": null,
      "key": undefined,
      "nodeType": "class",
      "props": Object {
        "children": <div
          className="app"
        >
          <Container
            tag="div"
          >
            <Header
              onToggleVisible={[Function]}
              visibleButtonText="on"
            />
          </Container>
          <Container
            tag="div"
          >
            <Row
              tag="div"
            >
              <Col
                lg={
                  Object {
                    "offset": 0,
                    "size": 5,
                  }
                }
                tag="div"
                widths={
                  Array [
                    "xs",
                    "sm",
                    "md",
                    "lg",
                    "xl",
                  ]
                }
              />
            </Row>
            <Switch>
              <Route
                component={[Function]}
                exact={true}
                path="/"
              />
              <Route
                component={[Function]}
                path="/characters"
              />
              <Route
                component={[Function]}
                path="/houses"
              />
              <Route
                component={[Function]}
                exact={true}
                path="/books"
              />
              <Route
                path="/books/:id"
                render={[Function]}
              />
              <Route
                render={[Function]}
              />
            </Switch>
          </Container>
        </div>,
      },
      "ref": null,
      "rendered": Object {
        "instance": null,
        "key": undefined,
        "nodeType": "host",
        "props": Object {
          "children": Array [
            <Container
              tag="div"
            >
              <Header
                onToggleVisible={[Function]}
                visibleButtonText="on"
              />
            </Container>,
            <Container
              tag="div"
            >
              <Row
                tag="div"
              >
                <Col
                  lg={
                    Object {
                      "offset": 0,
                      "size": 5,
                    }
                  }
                  tag="div"
                  widths={
                    Array [
                      "xs",
                      "sm",
                      "md",
                      "lg",
                      "xl",
                    ]
                  }
                />
              </Row>
              <Switch>
                <Route
                  component={[Function]}
                  exact={true}
                  path="/"
                />
                <Route
                  component={[Function]}
                  path="/characters"
                />
                <Route
                  component={[Function]}
                  path="/houses"
                />
                <Route
                  component={[Function]}
                  exact={true}
                  path="/books"
                />
                <Route
                  path="/books/:id"
                  render={[Function]}
                />
                <Route
                  render={[Function]}
                />
              </Switch>
            </Container>,
          ],
          "className": "app",
        },
        "ref": null,
        "rendered": Array [
          Object {
            "instance": null,
            "key": undefined,
            "nodeType": "function",
            "props": Object {
              "children": <Header
                onToggleVisible={[Function]}
                visibleButtonText="on"
              />,
              "tag": "div",
            },
            "ref": null,
            "rendered": Object {
              "instance": null,
              "key": undefined,
              "nodeType": "function",
              "props": Object {
                "onToggleVisible": [Function],
                "visibleButtonText": "on",
              },
              "ref": null,
              "rendered": null,
              "type": [Function],
            },
            "type": [Function],
          },
          Object {
            "instance": null,
            "key": undefined,
            "nodeType": "function",
            "props": Object {
              "children": Array [
                <Row
                  tag="div"
                >
                  <Col
                    lg={
                      Object {
                        "offset": 0,
                        "size": 5,
                      }
                    }
                    tag="div"
                    widths={
                      Array [
                        "xs",
                        "sm",
                        "md",
                        "lg",
                        "xl",
                      ]
                    }
                  />
                </Row>,
                <Switch>
                  <Route
                    component={[Function]}
                    exact={true}
                    path="/"
                  />
                  <Route
                    component={[Function]}
                    path="/characters"
                  />
                  <Route
                    component={[Function]}
                    path="/houses"
                  />
                  <Route
                    component={[Function]}
                    exact={true}
                    path="/books"
                  />
                  <Route
                    path="/books/:id"
                    render={[Function]}
                  />
                  <Route
                    render={[Function]}
                  />
                </Switch>,
              ],
              "tag": "div",
            },
            "ref": null,
            "rendered": Array [
              Object {
                "instance": null,
                "key": undefined,
                "nodeType": "function",
                "props": Object {
                  "children": <Col
                    lg={
                      Object {
                        "offset": 0,
                        "size": 5,
                      }
                    }
                    tag="div"
                    widths={
                      Array [
                        "xs",
                        "sm",
                        "md",
                        "lg",
                        "xl",
                      ]
                    }
                  />,
                  "tag": "div",
                },
                "ref": null,
                "rendered": Object {
                  "instance": null,
                  "key": undefined,
                  "nodeType": "function",
                  "props": Object {
                    "children": null,
                    "lg": Object {
                      "offset": 0,
                      "size": 5,
                    },
                    "tag": "div",
                    "widths": Array [
                      "xs",
                      "sm",
                      "md",
                      "lg",
                      "xl",
                    ],
                  },
                  "ref": null,
                  "rendered": null,
                  "type": [Function],
                },
                "type": [Function],
              },
              Object {
                "instance": null,
                "key": undefined,
                "nodeType": "class",
                "props": Object {
                  "children": Array [
                    <Route
                      component={[Function]}
                      exact={true}
                      path="/"
                    />,
                    <Route
                      component={[Function]}
                      path="/characters"
                    />,
                    <Route
                      component={[Function]}
                      path="/houses"
                    />,
                    <Route
                      component={[Function]}
                      exact={true}
                      path="/books"
                    />,
                    <Route
                      path="/books/:id"
                      render={[Function]}
                    />,
                    <Route
                      render={[Function]}
                    />,
                  ],
                },
                "ref": null,
                "rendered": Array [
                  Object {
                    "instance": null,
                    "key": undefined,
                    "nodeType": "class",
                    "props": Object {
                      "component": [Function],
                      "exact": true,
                      "path": "/",
                    },
                    "ref": null,
                    "rendered": null,
                    "type": [Function],
                  },
                  Object {
                    "instance": null,
                    "key": undefined,
                    "nodeType": "class",
                    "props": Object {
                      "component": [Function],
                      "path": "/characters",
                    },
                    "ref": null,
                    "rendered": null,
                    "type": [Function],
                  },
                  Object {
                    "instance": null,
                    "key": undefined,
                    "nodeType": "class",
                    "props": Object {
                      "component": [Function],
                      "path": "/houses",
                    },
                    "ref": null,
                    "rendered": null,
                    "type": [Function],
                  },
                  Object {
                    "instance": null,
                    "key": undefined,
                    "nodeType": "class",
                    "props": Object {
                      "component": [Function],
                      "exact": true,
                      "path": "/books",
                    },
                    "ref": null,
                    "rendered": null,
                    "type": [Function],
                  },
                  Object {
                    "instance": null,
                    "key": undefined,
                    "nodeType": "class",
                    "props": Object {
                      "path": "/books/:id",
                      "render": [Function],
                    },
                    "ref": null,
                    "rendered": null,
                    "type": [Function],
                  },
                  Object {
                    "instance": null,
                    "key": undefined,
                    "nodeType": "class",
                    "props": Object {
                      "render": [Function],
                    },
                    "ref": null,
                    "rendered": null,
                    "type": [Function],
                  },
                ],
                "type": [Function],
              },
            ],
            "type": [Function],
          },
        ],
        "type": "div",
      },
      "type": [Function],
    },
  ],
  Symbol(enzyme.__options__): Object {
    "adapter": ReactSixteenAdapter {
      "options": Object {
        "enableComponentDidUpdateOnSetState": true,
        "legacyContextMode": "parent",
        "lifecycles": Object {
          "componentDidUpdate": Object {
            "onSetState": true,
          },
          "getChildContext": Object {
            "calledByRenderer": false,
          },
          "getDerivedStateFromProps": true,
          "getSnapshotBeforeUpdate": true,
          "setState": Object {
            "skipsComponentDidUpdateOnNullish": true,
          },
        },
      },
    },
  },
}
`;
